/opt/conda/envs/cu121/lib/python3.10/site-packages/requests/__init__.py:109: RequestsDependencyWarning: urllib3 (1.26.13) or chardet (7.6.0)/charset_normalizer (2.1.1) doesn't match a supported version!
  warnings.warn(
/opt/conda/envs/cu121/lib/python3.10/site-packages/transformers/utils/generic.py:441: FutureWarning: `torch.utils._pytree._register_pytree_node` is deprecated. Please use `torch.utils._pytree.register_pytree_node` instead.
  _torch_pytree._register_pytree_node(
/opt/conda/envs/cu121/lib/python3.10/site-packages/transformers/utils/generic.py:309: FutureWarning: `torch.utils._pytree._register_pytree_node` is deprecated. Please use `torch.utils._pytree.register_pytree_node` instead.
  _torch_pytree._register_pytree_node(
/opt/conda/envs/cu121/lib/python3.10/site-packages/accelerate/utils/torch_xla.py:18: UserWarning: pkg_resources is deprecated as an API. See https://setuptools.pypa.io/en/latest/pkg_resources.html. The pkg_resources package is slated for removal as early as 2025-11-30. Refrain from using this package or pin to Setuptools<81.
  import pkg_resources
/opt/conda/envs/cu121/lib/python3.10/site-packages/transformers/utils/generic.py:309: FutureWarning: `torch.utils._pytree._register_pytree_node` is deprecated. Please use `torch.utils._pytree.register_pytree_node` instead.
  _torch_pytree._register_pytree_node(
[callig-map] 加载词表 assets/callig_id_map_50k.json: num_calligraphers 45 -> 45
[callig-script-map] 加载 assets/callig_script_id_map.json: num_calligraphers -> 87 (书家×书体 pair; 原书家 45, sparse 15 对)
[W926 00:57:49.972313162 CUDAAllocatorConfig.h:28] Warning: expandable_segments not supported on this platform (function operator())
[[34m2026-09-26 00:57:49[0m] Experiment directory created at assets/results/v21_skelnet_200k/20260926-005749-v21-skelnet-200k
[[34m2026-09-26 00:57:49[0m] [channels] latent=4  aux 组=0  in_channels=4  image_channels(CFG 作用域)=4
[[34m2026-09-26 00:57:50[0m] [hier-style] 未启用（hier_style=0 且无局部通路）—— 走 v13/v15 旧路径
[[34m2026-09-26 00:57:50[0m] Building 2-Cond model: DiT-2Cond-S/2 (learn_sigma=False, diffusion_type=flow, arch=rms/swiglu/qknorm=True/rope=True, attn=sdpa)
[[34m2026-09-26 00:57:50[0m] Building 2-Cond model: DiT-2Cond-S/2 (callig=87, glyph/char=7765, fusion=factorized_cat, dims=128/None, dropout=all:0.1, one:0.0, glyph_cond=True, glyph_scale_init=0.6, char_proj_mode=full, freeze_char_table=False)
[[34m2026-09-26 00:57:50[0m] [callig-emb] mean_scaled: 均值范数 2.064 -> 目标(各行中位数) 11.005
[[34m2026-09-26 00:57:50[0m] [callig-emb] 新增 42 个书家行, 初始化=mean_scaled, 范数=11.005
[[34m2026-09-26 00:57:50[0m] [callig-emb] 加载预训练书家表 assets/callig_emb_pretrained_50k.pt: torch.Size([45, 128]), null 行保持随机
[[34m2026-09-26 00:57:50[0m] [callig-emb] 书家表已冻结 [0,N), CFG null token 保持可训练
[[34m2026-09-26 00:57:50[0m] [dino-init] char_dino_embeddings/index not found (None, None) — y_char_embedder stays random init.
[[34m2026-09-26 00:57:50[0m] [cond-head] reset adaLN/final_layer to std=0.02 (retain task-agnostic transformer engine, drop ImageNet class-condition coupling).
[[34m2026-09-26 00:57:50[0m] Trainable Parameters: 40,025,309
[[34m2026-09-26 00:57:50[0m] Frozen Parameters: 109,568 (trainable ratio: 99.73%)
[[34m2026-09-26 00:57:50[0m] [compile] pattern_matcher=False (规避 torch 2.1.2 percolate_tags 递归爆炸)
[[34m2026-09-26 00:57:50[0m] [compile] torch.compile(mode=default) 注入（DDP 之前）...
[[34m2026-09-26 00:57:51[0m] [EMA] enabled with decay=0.9999, interval=4 (effective per-step decay=0.9996000599960001)
[[34m2026-09-26 00:57:51[0m] [flow] FlowMatching(steps=50, sampler=heun, nfe=100, t_sampler=logit_normal(mean=0.0,std=1.0), shift=1.0, use_ot=False)
[[34m2026-09-26 00:57:51[0m] [flow] Flow-Matching enabled (velocity target, Euler ODE sampling, t in [0,1])
[[34m2026-09-26 00:57:51[0m] [infra] VAE skipped (latent-only mode) -> saves ~500MB VRAM
[[34m2026-09-26 00:58:15[0m] [repa-cache] cache=data/dino_cache/50k_v1 mode=pinned n=51036 patches=256 dim=384 dtype=fp16 (9.3 GiB)
[[34m2026-09-26 00:58:15[0m] Initializing unified REPA (Teacher: dinov2_vits14, Student Dim: 384, layers=(8,), w=0.03, warmup=0, cache=yes)
[[34m2026-09-26 00:58:15[0m] [optim] AdamW lr=0.0005 wd=0.02
[[34m2026-09-26 00:58:15[0m] [optim] deform_skel 单独一组: lr=5.00e-05 (0.1x 主 lr), 3,579,852 参数
[deform] 已载入离线权重 assets/deform_skel_v10.pt (missing=0, unexpected=0)
[deform] enabled: width=96 max_off=6.0 coarse=8 params=3,579,852
[repa] layer 8: REPALoss (student_dim=384, teacher=cache, lazy)
[preload] latents 50,786 loaded in 3.1s (0.8G)
[[34m2026-09-26 00:59:04[0m] Using latent-cached dataset (skip on-the-fly VAE encode). preload=ON
[[34m2026-09-26 00:59:04[0m] [sampler] LongEpoch: epoch = 5000 步 (= 1,600,000 样本 = 数据集的 31.5 倍); 迭代器每 5000 步 reset 一次, 与 ckpt_every 对齐。
[[34m2026-09-26 00:59:04[0m] Dataset contains 50,786 images
[[34m2026-09-26 00:59:04[0m] [LR] cosine schedule: warmup=3000, total=200000, min_ratio=0.1
[[34m2026-09-26 00:59:04[0m] [early-stop] metric=ssim, patience=5, min_delta={'ssim': 0.002, 'skel_iou': 0.005, 'lpips': 0.003, 'mse': 0.0}
[[34m2026-09-26 00:59:04[0m] Training for 100000 epochs...
[[34m2026-09-26 00:59:04[0m] [alloc] 循环前基线: reserved 0.32G | 活跃 0.30G | 高水位 0.32G
[[34m2026-09-26 00:59:04[0m] Begin epoch 0 (steps 1-5000) — ckpt+eval 落点...
[preload] images 50,000/50,786 (38s)
[preload] images 50,786 loaded in 38.1s (9.3G)
[preload] skel latents 50,786 x 1 变体 loaded in 42.8s (0.8G)
[preload] inst-skel latents 50,786 loaded in 47.4s (0.8G)
[preload] ALL preloaded in 47.4s, total RAM 11.6G
[[34m2026-09-26 01:00:36[0m] (step=0000050) Diff: 1.8050 | REPA(w=0.03): 0.0294 | Deform(w=1.00): 0.4611 off=0.2942 | LR: 8.50e-06 | EMA: 0.844828 | Steps/Sec: 0.54 | Mem: 18.20G/18.20G
[[34m2026-09-26 01:00:49[0m] (step=0000100) Diff: 1.0253 | REPA(w=0.03): 0.0238 | Deform(w=1.00): 0.4344 off=0.2967 | LR: 1.68e-05 | EMA: 0.915094 | Steps/Sec: 4.07 | Mem: 18.24G/18.24G
[[34m2026-09-26 01:01:01[0m] (step=0000150) Diff: 0.7860 | REPA(w=0.03): 0.0160 | Deform(w=1.00): 0.4159 off=0.2996 | LR: 2.52e-05 | EMA: 0.943038 | Steps/Sec: 4.05 | Mem: 18.26G/18.26G
[[34m2026-09-26 01:01:13[0m] (step=0000200) Diff: 0.7175 | REPA(w=0.03): 0.0118 | Deform(w=1.00): 0.4053 off=0.3011 | LR: 3.35e-05 | EMA: 0.956311 | Steps/Sec: 4.07 | Mem: 18.26G/18.26G
[[34m2026-09-26 01:01:25[0m] (step=0000250) Diff: 0.6755 | REPA(w=0.03): 0.0100 | Deform(w=1.00): 0.3965 off=0.3043 | LR: 4.18e-05 | EMA: 0.965116 | Steps/Sec: 4.09 | Mem: 18.26G/18.26G
[[34m2026-09-26 01:01:38[0m] (step=0000300) Diff: 0.6396 | REPA(w=0.03): 0.0092 | Deform(w=1.00): 0.3877 off=0.3066 | LR: 5.02e-05 | EMA: 0.970588 | Steps/Sec: 4.09 | Mem: 18.26G/18.26G
[[34m2026-09-26 01:01:50[0m] (step=0000350) Diff: 0.6198 | REPA(w=0.03): 0.0087 | Deform(w=1.00): 0.3838 off=0.3116 | LR: 5.85e-05 | EMA: 0.974860 | Steps/Sec: 4.09 | Mem: 18.26G/18.26G
[[34m2026-09-26 01:02:02[0m] (step=0000400) Diff: 0.5877 | REPA(w=0.03): 0.0084 | Deform(w=1.00): 0.3746 off=0.3109 | LR: 6.68e-05 | EMA: 0.977833 | Steps/Sec: 4.08 | Mem: 18.26G/18.26G
[[34m2026-09-26 01:02:14[0m] (step=0000450) Diff: 0.5642 | REPA(w=0.03): 0.0082 | Deform(w=1.00): 0.3699 off=0.3143 | LR: 7.52e-05 | EMA: 0.980349 | Steps/Sec: 4.07 | Mem: 18.26G/18.26G
[[34m2026-09-26 01:02:27[0m] (step=0000500) Diff: 0.5391 | REPA(w=0.03): 0.0080 | Deform(w=1.00): 0.3624 off=0.3176 | LR: 8.35e-05 | EMA: 0.982213 | Steps/Sec: 4.06 | Mem: 18.26G/18.26G
[[34m2026-09-26 01:02:39[0m] (step=0000550) Diff: 0.5261 | REPA(w=0.03): 0.0079 | Deform(w=1.00): 0.3581 off=0.3232 | LR: 9.18e-05 | EMA: 0.983871 | Steps/Sec: 4.06 | Mem: 18.26G/18.26G
[[34m2026-09-26 01:02:51[0m] (step=0000600) Diff: 0.5112 | REPA(w=0.03): 0.0078 | Deform(w=1.00): 0.3551 off=0.3283 | LR: 1.00e-04 | EMA: 0.985149 | Steps/Sec: 4.07 | Mem: 18.26G/18.26G
[[34m2026-09-26 01:03:04[0m] (step=0000650) Diff: 0.5010 | REPA(w=0.03): 0.0077 | Deform(w=1.00): 0.3497 off=0.3325 | LR: 1.09e-04 | EMA: 0.986322 | Steps/Sec: 4.05 | Mem: 18.26G/18.26G
[[34m2026-09-26 01:03:16[0m] (step=0000700) Diff: 0.4922 | REPA(w=0.03): 0.0075 | Deform(w=1.00): 0.3459 off=0.3381 | LR: 1.17e-04 | EMA: 0.987252 | Steps/Sec: 4.04 | Mem: 18.26G/18.26G
[[34m2026-09-26 01:03:29[0m] (step=0000750) Diff: 0.4800 | REPA(w=0.03): 0.0075 | Deform(w=1.00): 0.3419 off=0.3407 | LR: 1.25e-04 | EMA: 0.988127 | Steps/Sec: 4.03 | Mem: 18.26G/18.26G
[[34m2026-09-26 01:03:41[0m] (step=0000800) Diff: 0.4707 | REPA(w=0.03): 0.0074 | Deform(w=1.00): 0.3378 off=0.3458 | LR: 1.34e-04 | EMA: 0.988834 | Steps/Sec: 4.04 | Mem: 18.26G/18.26G
[[34m2026-09-26 01:03:53[0m] (step=0000850) Diff: 0.4629 | REPA(w=0.03): 0.0073 | Deform(w=1.00): 0.3351 off=0.3471 | LR: 1.42e-04 | EMA: 0.989510 | Steps/Sec: 4.05 | Mem: 18.26G/18.26G
[[34m2026-09-26 01:04:06[0m] (step=0000900) Diff: 0.4609 | REPA(w=0.03): 0.0071 | Deform(w=1.00): 0.3332 off=0.3497 | LR: 1.50e-04 | EMA: 0.990066 | Steps/Sec: 4.04 | Mem: 18.26G/18.26G
[[34m2026-09-26 01:04:18[0m] (step=0000950) Diff: 0.4472 | REPA(w=0.03): 0.0070 | Deform(w=1.00): 0.3287 off=0.3510 | LR: 1.59e-04 | EMA: 0.990605 | Steps/Sec: 4.04 | Mem: 18.26G/18.26G
[[34m2026-09-26 01:04:30[0m] (step=0001000) Diff: 0.4439 | REPA(w=0.03): 0.0069 | Deform(w=1.00): 0.3288 off=0.3532 | LR: 1.67e-04 | EMA: 0.991054 | Steps/Sec: 4.04 | Mem: 18.26G/18.26G
[[34m2026-09-26 01:04:30[0m] (step=0001000) [diag] grad-norm: blocks=0.637 glyph_embedder=0.206 inj_out_proj=0.093 other=0.737
[[34m2026-09-26 01:04:43[0m] (step=0001050) Diff: 0.4364 | REPA(w=0.03): 0.0067 | Deform(w=1.00): 0.3265 off=0.3549 | LR: 1.75e-04 | EMA: 0.991493 | Steps/Sec: 4.05 | Mem: 18.26G/18.26G
[[34m2026-09-26 01:04:55[0m] (step=0001100) Diff: 0.4299 | REPA(w=0.03): 0.0066 | Deform(w=1.00): 0.3247 off=0.3558 | LR: 1.83e-04 | EMA: 0.991863 | Steps/Sec: 4.04 | Mem: 18.26G/18.26G
[[34m2026-09-26 01:05:08[0m] (step=0001150) Diff: 0.4265 | REPA(w=0.03): 0.0065 | Deform(w=1.00): 0.3236 off=0.3583 | LR: 1.92e-04 | EMA: 0.992228 | Steps/Sec: 4.01 | Mem: 18.26G/18.26G
[[34m2026-09-26 01:05:20[0m] (step=0001200) Diff: 0.4218 | REPA(w=0.03): 0.0064 | Deform(w=1.00): 0.3226 off=0.3586 | LR: 2.00e-04 | EMA: 0.992537 | Steps/Sec: 3.99 | Mem: 18.28G/18.28G
[[34m2026-09-26 01:05:33[0m] (step=0001250) Diff: 0.4165 | REPA(w=0.03): 0.0063 | Deform(w=1.00): 0.3205 off=0.3599 | LR: 2.08e-04 | EMA: 0.992846 | Steps/Sec: 3.98 | Mem: 18.28G/18.28G
[[34m2026-09-26 01:05:45[0m] (step=0001300) Diff: 0.4138 | REPA(w=0.03): 0.0062 | Deform(w=1.00): 0.3201 off=0.3618 | LR: 2.17e-04 | EMA: 0.993109 | Steps/Sec: 4.00 | Mem: 18.28G/18.28G
[[34m2026-09-26 01:05:58[0m] (step=0001350) Diff: 0.4115 | REPA(w=0.03): 0.0062 | Deform(w=1.00): 0.3176 off=0.3629 | LR: 2.25e-04 | EMA: 0.993373 | Steps/Sec: 4.03 | Mem: 18.28G/18.28G
[[34m2026-09-26 01:06:10[0m] (step=0001400) Diff: 0.4106 | REPA(w=0.03): 0.0061 | Deform(w=1.00): 0.3179 off=0.3643 | LR: 2.34e-04 | EMA: 0.993599 | Steps/Sec: 4.05 | Mem: 18.28G/18.28G
[[34m2026-09-26 01:06:22[0m] (step=0001450) Diff: 0.4040 | REPA(w=0.03): 0.0060 | Deform(w=1.00): 0.3158 off=0.3646 | LR: 2.42e-04 | EMA: 0.993827 | Steps/Sec: 4.07 | Mem: 18.28G/18.28G
[[34m2026-09-26 01:06:35[0m] (step=0001500) Diff: 0.4071 | REPA(w=0.03): 0.0060 | Deform(w=1.00): 0.3151 off=0.3656 | LR: 2.50e-04 | EMA: 0.994024 | Steps/Sec: 4.05 | Mem: 18.28G/18.28G
[[34m2026-09-26 01:06:47[0m] (step=0001550) Diff: 0.4037 | REPA(w=0.03): 0.0059 | Deform(w=1.00): 0.3155 off=0.3664 | LR: 2.58e-04 | EMA: 0.994223 | Steps/Sec: 4.05 | Mem: 18.28G/18.28G
[[34m2026-09-26 01:06:59[0m] (step=0001600) Diff: 0.4026 | REPA(w=0.03): 0.0059 | Deform(w=1.00): 0.3135 off=0.3677 | LR: 2.67e-04 | EMA: 0.994396 | Steps/Sec: 4.08 | Mem: 18.28G/18.28G
[[34m2026-09-26 01:07:11[0m] (step=0001650) Diff: 0.3971 | REPA(w=0.03): 0.0059 | Deform(w=1.00): 0.3146 off=0.3685 | LR: 2.75e-04 | EMA: 0.994572 | Steps/Sec: 4.07 | Mem: 18.28G/18.28G
[[34m2026-09-26 01:07:24[0m] (step=0001700) Diff: 0.3934 | REPA(w=0.03): 0.0058 | Deform(w=1.00): 0.3139 off=0.3690 | LR: 2.84e-04 | EMA: 0.994725 | Steps/Sec: 4.06 | Mem: 18.28G/18.28G
[[34m2026-09-26 01:07:36[0m] (step=0001750) Diff: 0.3933 | REPA(w=0.03): 0.0058 | Deform(w=1.00): 0.3132 off=0.3715 | LR: 2.92e-04 | EMA: 0.994881 | Steps/Sec: 4.07 | Mem: 18.28G/18.28G
[[34m2026-09-26 01:07:48[0m] (step=0001800) Diff: 0.3924 | REPA(w=0.03): 0.0057 | Deform(w=1.00): 0.3136 off=0.3715 | LR: 3.00e-04 | EMA: 0.995017 | Steps/Sec: 4.05 | Mem: 18.28G/18.28G
[[34m2026-09-26 01:08:01[0m] (step=0001850) Diff: 0.3907 | REPA(w=0.03): 0.0057 | Deform(w=1.00): 0.3119 off=0.3703 | LR: 3.09e-04 | EMA: 0.995156 | Steps/Sec: 4.07 | Mem: 18.28G/18.28G
[[34m2026-09-26 01:08:13[0m] (step=0001900) Diff: 0.3881 | REPA(w=0.03): 0.0057 | Deform(w=1.00): 0.3115 off=0.3719 | LR: 3.17e-04 | EMA: 0.995278 | Steps/Sec: 4.05 | Mem: 18.28G/18.28G
[[34m2026-09-26 01:08:25[0m] (step=0001950) Diff: 0.3868 | REPA(w=0.03): 0.0056 | Deform(w=1.00): 0.3128 off=0.3729 | LR: 3.25e-04 | EMA: 0.995403 | Steps/Sec: 4.05 | Mem: 18.28G/18.28G
[[34m2026-09-26 01:08:38[0m] (step=0002000) Diff: 0.3840 | REPA(w=0.03): 0.0056 | Deform(w=1.00): 0.3103 off=0.3754 | LR: 3.34e-04 | EMA: 0.995513 | Steps/Sec: 4.06 | Mem: 18.28G/18.28G
[[34m2026-09-26 01:08:38[0m] (step=0002000) [diag] grad-norm: blocks=0.260 glyph_embedder=0.089 inj_out_proj=0.050 other=0.821
[[34m2026-09-26 01:08:50[0m] (step=0002050) Diff: 0.3855 | REPA(w=0.03): 0.0056 | Deform(w=1.00): 0.3117 off=0.3742 | LR: 3.42e-04 | EMA: 0.995627 | Steps/Sec: 4.06 | Mem: 18.28G/18.28G
[[34m2026-09-26 01:09:02[0m] (step=0002100) Diff: 0.3819 | REPA(w=0.03): 0.0055 | Deform(w=1.00): 0.3101 off=0.3750 | LR: 3.50e-04 | EMA: 0.995726 | Steps/Sec: 4.05 | Mem: 18.28G/18.28G
[[34m2026-09-26 01:09:15[0m] (step=0002150) Diff: 0.3814 | REPA(w=0.03): 0.0055 | Deform(w=1.00): 0.3110 off=0.3748 | LR: 3.58e-04 | EMA: 0.995829 | Steps/Sec: 4.06 | Mem: 18.28G/18.28G
[[34m2026-09-26 01:09:27[0m] (step=0002200) Diff: 0.3806 | REPA(w=0.03): 0.0055 | Deform(w=1.00): 0.3094 off=0.3760 | LR: 3.67e-04 | EMA: 0.995920 | Steps/Sec: 4.07 | Mem: 18.28G/18.28G
[[34m2026-09-26 01:09:39[0m] (step=0002250) Diff: 0.3800 | REPA(w=0.03): 0.0054 | Deform(w=1.00): 0.3097 off=0.3768 | LR: 3.75e-04 | EMA: 0.996014 | Steps/Sec: 4.08 | Mem: 18.30G/18.30G
[[34m2026-09-26 01:09:52[0m] (step=0002300) Diff: 0.3780 | REPA(w=0.03): 0.0054 | Deform(w=1.00): 0.3102 off=0.3777 | LR: 3.83e-04 | EMA: 0.996097 | Steps/Sec: 4.09 | Mem: 18.30G/18.30G
[[34m2026-09-26 01:10:04[0m] (step=0002350) Diff: 0.3764 | REPA(w=0.03): 0.0054 | Deform(w=1.00): 0.3093 off=0.3761 | LR: 3.92e-04 | EMA: 0.996183 | Steps/Sec: 4.08 | Mem: 18.30G/18.30G
[[34m2026-09-26 01:10:16[0m] (step=0002400) Diff: 0.3745 | REPA(w=0.03): 0.0054 | Deform(w=1.00): 0.3077 off=0.3765 | LR: 4.00e-04 | EMA: 0.996259 | Steps/Sec: 4.07 | Mem: 18.30G/18.30G
[[34m2026-09-26 01:10:28[0m] (step=0002450) Diff: 0.3736 | REPA(w=0.03): 0.0053 | Deform(w=1.00): 0.3082 off=0.3790 | LR: 4.09e-04 | EMA: 0.996338 | Steps/Sec: 4.07 | Mem: 18.30G/18.30G
[[34m2026-09-26 01:10:41[0m] (step=0002500) Diff: 0.3738 | REPA(w=0.03): 0.0053 | Deform(w=1.00): 0.3097 off=0.3789 | LR: 4.17e-04 | EMA: 0.996409 | Steps/Sec: 3.84 | Mem: 18.30G/18.30G
[[34m2026-09-26 01:10:54[0m] (step=0002550) Diff: 0.3729 | REPA(w=0.03): 0.0053 | Deform(w=1.00): 0.3084 off=0.3777 | LR: 4.25e-04 | EMA: 0.996482 | Steps/Sec: 4.07 | Mem: 18.30G/18.30G
[[34m2026-09-26 01:11:06[0m] (step=0002600) Diff: 0.3718 | REPA(w=0.03): 0.0053 | Deform(w=1.00): 0.3079 off=0.3793 | LR: 4.34e-04 | EMA: 0.996546 | Steps/Sec: 4.07 | Mem: 18.30G/18.30G
[[34m2026-09-26 01:11:18[0m] (step=0002650) Diff: 0.3700 | REPA(w=0.03): 0.0053 | Deform(w=1.00): 0.3077 off=0.3802 | LR: 4.42e-04 | EMA: 0.996614 | Steps/Sec: 4.06 | Mem: 18.32G/18.32G
[[34m2026-09-26 01:11:31[0m] (step=0002700) Diff: 0.3699 | REPA(w=0.03): 0.0052 | Deform(w=1.00): 0.3070 off=0.3803 | LR: 4.50e-04 | EMA: 0.996674 | Steps/Sec: 4.07 | Mem: 18.32G/18.32G
[[34m2026-09-26 01:11:43[0m] (step=0002750) Diff: 0.3699 | REPA(w=0.03): 0.0052 | Deform(w=1.00): 0.3077 off=0.3810 | LR: 4.59e-04 | EMA: 0.996737 | Steps/Sec: 4.09 | Mem: 18.32G/18.32G
[[34m2026-09-26 01:11:55[0m] (step=0002800) Diff: 0.3664 | REPA(w=0.03): 0.0052 | Deform(w=1.00): 0.3088 off=0.3800 | LR: 4.67e-04 | EMA: 0.996793 | Steps/Sec: 4.09 | Mem: 18.32G/18.32G
[[34m2026-09-26 01:12:07[0m] (step=0002850) Diff: 0.3675 | REPA(w=0.03): 0.0052 | Deform(w=1.00): 0.3067 off=0.3805 | LR: 4.75e-04 | EMA: 0.996851 | Steps/Sec: 4.09 | Mem: 18.32G/18.32G
[[34m2026-09-26 01:12:19[0m] (step=0002900) Diff: 0.3663 | REPA(w=0.03): 0.0052 | Deform(w=1.00): 0.3071 off=0.3817 | LR: 4.83e-04 | EMA: 0.996903 | Steps/Sec: 4.09 | Mem: 18.32G/18.32G
[[34m2026-09-26 01:12:32[0m] (step=0002950) Diff: 0.3645 | REPA(w=0.03): 0.0051 | Deform(w=1.00): 0.3066 off=0.3833 | LR: 4.92e-04 | EMA: 0.996957 | Steps/Sec: 4.09 | Mem: 18.32G/18.32G
[[34m2026-09-26 01:12:44[0m] (step=0003000) Diff: 0.3637 | REPA(w=0.03): 0.0051 | Deform(w=1.00): 0.3075 off=0.3843 | LR: 5.00e-04 | EMA: 0.997006 | Steps/Sec: 4.10 | Mem: 18.32G/18.32G
[[34m2026-09-26 01:12:44[0m] (step=0003000) [diag] grad-norm: blocks=0.133 glyph_embedder=0.038 inj_out_proj=0.034 other=0.629
[[34m2026-09-26 01:12:56[0m] (step=0003050) Diff: 0.3626 | REPA(w=0.03): 0.0051 | Deform(w=1.00): 0.3056 off=0.3842 | LR: 5.00e-04 | EMA: 0.997057 | Steps/Sec: 4.10 | Mem: 18.32G/18.32G
[[34m2026-09-26 01:13:08[0m] (step=0003100) Diff: 0.3613 | REPA(w=0.03): 0.0051 | Deform(w=1.00): 0.3067 off=0.3840 | LR: 5.00e-04 | EMA: 0.997102 | Steps/Sec: 4.10 | Mem: 18.32G/18.32G
[[34m2026-09-26 01:13:20[0m] (step=0003150) Diff: 0.3592 | REPA(w=0.03): 0.0050 | Deform(w=1.00): 0.3065 off=0.3830 | LR: 5.00e-04 | EMA: 0.997150 | Steps/Sec: 4.10 | Mem: 18.32G/18.32G
[[34m2026-09-26 01:13:33[0m] (step=0003200) Diff: 0.3566 | REPA(w=0.03): 0.0050 | Deform(w=1.00): 0.3048 off=0.3860 | LR: 5.00e-04 | EMA: 0.997193 | Steps/Sec: 4.09 | Mem: 18.32G/18.32G
[[34m2026-09-26 01:13:45[0m] (step=0003250) Diff: 0.3584 | REPA(w=0.03): 0.0050 | Deform(w=1.00): 0.3053 off=0.3844 | LR: 5.00e-04 | EMA: 0.997238 | Steps/Sec: 4.08 | Mem: 18.32G/18.32G
[[34m2026-09-26 01:13:57[0m] (step=0003300) Diff: 0.3576 | REPA(w=0.03): 0.0050 | Deform(w=1.00): 0.3048 off=0.3844 | LR: 5.00e-04 | EMA: 0.997278 | Steps/Sec: 4.09 | Mem: 18.32G/18.32G
[[34m2026-09-26 01:14:09[0m] (step=0003350) Diff: 0.3567 | REPA(w=0.03): 0.0050 | Deform(w=1.00): 0.3032 off=0.3841 | LR: 5.00e-04 | EMA: 0.997320 | Steps/Sec: 4.10 | Mem: 18.32G/18.32G
[[34m2026-09-26 01:14:22[0m] (step=0003400) Diff: 0.3576 | REPA(w=0.03): 0.0050 | Deform(w=1.00): 0.3047 off=0.3838 | LR: 5.00e-04 | EMA: 0.997358 | Steps/Sec: 4.09 | Mem: 18.32G/18.32G
[[34m2026-09-26 01:14:34[0m] (step=0003450) Diff: 0.3557 | REPA(w=0.03): 0.0049 | Deform(w=1.00): 0.3043 off=0.3844 | LR: 5.00e-04 | EMA: 0.997397 | Steps/Sec: 4.04 | Mem: 18.32G/18.32G
[[34m2026-09-26 01:14:46[0m] (step=0003500) Diff: 0.3568 | REPA(w=0.03): 0.0049 | Deform(w=1.00): 0.3039 off=0.3852 | LR: 5.00e-04 | EMA: 0.997433 | Steps/Sec: 4.03 | Mem: 18.32G/18.32G
[[34m2026-09-26 01:14:59[0m] (step=0003550) Diff: 0.3552 | REPA(w=0.03): 0.0049 | Deform(w=1.00): 0.3054 off=0.3856 | LR: 5.00e-04 | EMA: 0.997470 | Steps/Sec: 4.03 | Mem: 18.32G/18.32G
[[34m2026-09-26 01:15:11[0m] (step=0003600) Diff: 0.3549 | REPA(w=0.03): 0.0049 | Deform(w=1.00): 0.3056 off=0.3860 | LR: 5.00e-04 | EMA: 0.997504 | Steps/Sec: 4.00 | Mem: 18.32G/18.32G
[[34m2026-09-26 01:15:24[0m] (step=0003650) Diff: 0.3509 | REPA(w=0.03): 0.0049 | Deform(w=1.00): 0.3039 off=0.3862 | LR: 5.00e-04 | EMA: 0.997540 | Steps/Sec: 4.00 | Mem: 18.32G/18.32G
[[34m2026-09-26 01:15:36[0m] (step=0003700) Diff: 0.3530 | REPA(w=0.03): 0.0048 | Deform(w=1.00): 0.3029 off=0.3878 | LR: 5.00e-04 | EMA: 0.997572 | Steps/Sec: 4.03 | Mem: 18.32G/18.32G
[[34m2026-09-26 01:15:49[0m] (step=0003750) Diff: 0.3526 | REPA(w=0.03): 0.0048 | Deform(w=1.00): 0.3032 off=0.3872 | LR: 5.00e-04 | EMA: 0.997605 | Steps/Sec: 4.03 | Mem: 18.32G/18.32G
[[34m2026-09-26 01:16:01[0m] (step=0003800) Diff: 0.3542 | REPA(w=0.03): 0.0048 | Deform(w=1.00): 0.3040 off=0.3874 | LR: 5.00e-04 | EMA: 0.997635 | Steps/Sec: 4.01 | Mem: 18.32G/18.32G
[[34m2026-09-26 01:16:14[0m] (step=0003850) Diff: 0.3506 | REPA(w=0.03): 0.0048 | Deform(w=1.00): 0.3050 off=0.3879 | LR: 5.00e-04 | EMA: 0.997667 | Steps/Sec: 4.00 | Mem: 18.32G/18.32G
[[34m2026-09-26 01:16:26[0m] (step=0003900) Diff: 0.3493 | REPA(w=0.03): 0.0048 | Deform(w=1.00): 0.3037 off=0.3879 | LR: 5.00e-04 | EMA: 0.997696 | Steps/Sec: 3.99 | Mem: 18.32G/18.32G
[[34m2026-09-26 01:16:39[0m] (step=0003950) Diff: 0.3508 | REPA(w=0.03): 0.0048 | Deform(w=1.00): 0.3028 off=0.3880 | LR: 5.00e-04 | EMA: 0.997726 | Steps/Sec: 3.99 | Mem: 18.32G/18.32G
[[34m2026-09-26 01:16:51[0m] (step=0004000) Diff: 0.3492 | REPA(w=0.03): 0.0048 | Deform(w=1.00): 0.3034 off=0.3865 | LR: 5.00e-04 | EMA: 0.997753 | Steps/Sec: 4.00 | Mem: 18.32G/18.32G
[[34m2026-09-26 01:16:51[0m] (step=0004000) [diag] grad-norm: blocks=0.107 glyph_embedder=0.031 inj_out_proj=0.032 other=0.512
[[34m2026-09-26 01:17:04[0m] (step=0004050) Diff: 0.3470 | REPA(w=0.03): 0.0047 | Deform(w=1.00): 0.3034 off=0.3872 | LR: 5.00e-04 | EMA: 0.997782 | Steps/Sec: 4.00 | Mem: 18.32G/18.32G
[[34m2026-09-26 01:17:16[0m] (step=0004100) Diff: 0.3475 | REPA(w=0.03): 0.0047 | Deform(w=1.00): 0.3041 off=0.3894 | LR: 5.00e-04 | EMA: 0.997808 | Steps/Sec: 4.01 | Mem: 18.32G/18.32G
[[34m2026-09-26 01:17:29[0m] (step=0004150) Diff: 0.3465 | REPA(w=0.03): 0.0047 | Deform(w=1.00): 0.3031 off=0.3874 | LR: 5.00e-04 | EMA: 0.997835 | Steps/Sec: 4.00 | Mem: 18.32G/18.32G
[[34m2026-09-26 01:17:41[0m] (step=0004200) Diff: 0.3467 | REPA(w=0.03): 0.0047 | Deform(w=1.00): 0.3037 off=0.3901 | LR: 5.00e-04 | EMA: 0.997860 | Steps/Sec: 4.01 | Mem: 18.32G/18.32G
[[34m2026-09-26 01:17:54[0m] (step=0004250) Diff: 0.3457 | REPA(w=0.03): 0.0047 | Deform(w=1.00): 0.3028 off=0.3885 | LR: 5.00e-04 | EMA: 0.997886 | Steps/Sec: 4.01 | Mem: 18.32G/18.32G
[[34m2026-09-26 01:18:06[0m] (step=0004300) Diff: 0.3467 | REPA(w=0.03): 0.0047 | Deform(w=1.00): 0.3028 off=0.3898 | LR: 5.00e-04 | EMA: 0.997910 | Steps/Sec: 4.00 | Mem: 18.32G/18.32G
[[34m2026-09-26 01:18:19[0m] (step=0004350) Diff: 0.3447 | REPA(w=0.03): 0.0046 | Deform(w=1.00): 0.3037 off=0.3920 | LR: 5.00e-04 | EMA: 0.997935 | Steps/Sec: 4.00 | Mem: 18.32G/18.32G
[[34m2026-09-26 01:18:31[0m] (step=0004400) Diff: 0.3431 | REPA(w=0.03): 0.0047 | Deform(w=1.00): 0.3016 off=0.3889 | LR: 5.00e-04 | EMA: 0.997957 | Steps/Sec: 4.03 | Mem: 18.32G/18.32G
[[34m2026-09-26 01:18:43[0m] (step=0004450) Diff: 0.3453 | REPA(w=0.03): 0.0047 | Deform(w=1.00): 0.3021 off=0.3891 | LR: 5.00e-04 | EMA: 0.997981 | Steps/Sec: 4.03 | Mem: 18.32G/18.32G
[[34m2026-09-26 01:18:56[0m] (step=0004500) Diff: 0.3454 | REPA(w=0.03): 0.0046 | Deform(w=1.00): 0.3025 off=0.3915 | LR: 5.00e-04 | EMA: 0.998003 | Steps/Sec: 4.01 | Mem: 18.32G/18.32G
[[34m2026-09-26 01:19:08[0m] (step=0004550) Diff: 0.3422 | REPA(w=0.03): 0.0046 | Deform(w=1.00): 0.3023 off=0.3894 | LR: 5.00e-04 | EMA: 0.998025 | Steps/Sec: 4.00 | Mem: 18.32G/18.32G
[[34m2026-09-26 01:19:21[0m] (step=0004600) Diff: 0.3426 | REPA(w=0.03): 0.0046 | Deform(w=1.00): 0.3027 off=0.3902 | LR: 5.00e-04 | EMA: 0.998046 | Steps/Sec: 4.00 | Mem: 18.32G/18.32G
[[34m2026-09-26 01:19:33[0m] (step=0004650) Diff: 0.3447 | REPA(w=0.03): 0.0046 | Deform(w=1.00): 0.3032 off=0.3902 | LR: 5.00e-04 | EMA: 0.998068 | Steps/Sec: 4.00 | Mem: 18.32G/18.32G
[[34m2026-09-26 01:19:46[0m] (step=0004700) Diff: 0.3433 | REPA(w=0.03): 0.0046 | Deform(w=1.00): 0.3027 off=0.3897 | LR: 5.00e-04 | EMA: 0.998088 | Steps/Sec: 4.01 | Mem: 18.32G/18.32G
[[34m2026-09-26 01:19:58[0m] (step=0004750) Diff: 0.3406 | REPA(w=0.03): 0.0046 | Deform(w=1.00): 0.3011 off=0.3893 | LR: 5.00e-04 | EMA: 0.998108 | Steps/Sec: 4.01 | Mem: 18.32G/18.32G
[[34m2026-09-26 01:20:11[0m] (step=0004800) Diff: 0.3421 | REPA(w=0.03): 0.0045 | Deform(w=1.00): 0.3013 off=0.3907 | LR: 5.00e-04 | EMA: 0.998127 | Steps/Sec: 4.01 | Mem: 18.32G/18.32G
[[34m2026-09-26 01:20:23[0m] (step=0004850) Diff: 0.3398 | REPA(w=0.03): 0.0045 | Deform(w=1.00): 0.3009 off=0.3912 | LR: 5.00e-04 | EMA: 0.998147 | Steps/Sec: 3.98 | Mem: 18.32G/18.32G
[[34m2026-09-26 01:20:36[0m] (step=0004900) Diff: 0.3406 | REPA(w=0.03): 0.0045 | Deform(w=1.00): 0.3019 off=0.3930 | LR: 5.00e-04 | EMA: 0.998166 | Steps/Sec: 3.99 | Mem: 18.32G/18.32G
[[34m2026-09-26 01:20:48[0m] (step=0004950) Diff: 0.3415 | REPA(w=0.03): 0.0045 | Deform(w=1.00): 0.3005 off=0.3931 | LR: 5.00e-04 | EMA: 0.998185 | Steps/Sec: 4.00 | Mem: 18.32G/18.32G
[[34m2026-09-26 01:21:01[0m] (step=0005000) Diff: 0.3398 | REPA(w=0.03): 0.0045 | Deform(w=1.00): 0.3002 off=0.3936 | LR: 5.00e-04 | EMA: 0.998202 | Steps/Sec: 3.99 | Mem: 18.32G/18.32G
[[34m2026-09-26 01:21:01[0m] (step=0005000) [diag] grad-norm: blocks=0.065 glyph_embedder=0.028 inj_out_proj=0.019 other=0.997
[[34m2026-09-26 01:21:01[0m] [ckpt] built 0005000.pt (state on CPU)
[[34m2026-09-26 01:21:01[0m] [ckpt] queued assets/results/v21_skelnet_200k/20260926-005749-v21-skelnet-200k/checkpoints/0005000.pt (async write, 1 in flight)
/opt/conda/envs/cu121/lib/python3.10/site-packages/torchvision/models/_utils.py:208: UserWarning: The parameter 'pretrained' is deprecated since 0.13 and may be removed in the future, please use 'weights' instead.
  warnings.warn(
/opt/conda/envs/cu121/lib/python3.10/site-packages/torchvision/models/_utils.py:223: UserWarning: Arguments other than a weight enum or `None` for 'weights' are deprecated since 0.13 and may be removed in the future. The current behavior is equivalent to passing `weights=VGG16_Weights.IMAGENET1K_V1`. You can also use `weights=VGG16_Weights.DEFAULT` to get the most up-to-date weights.
  warnings.warn(msg)
/opt/conda/envs/cu121/lib/python3.10/site-packages/lpips/lpips.py:107: FutureWarning: You are using `torch.load` with `weights_only=False` (the current default value), which uses the default pickle module implicitly. It is possible to construct malicious pickle data which will execute arbitrary code during unpickling (See https://github.com/pytorch/pytorch/blob/main/SECURITY.md#untrusted-models for more details). In a future release, the default value for `weights_only` will be flipped to `True`. This limits the functions that could be executed during unpickling. Arbitrary objects will no longer be allowed to be loaded via this mode unless they are explicitly allowlisted by the user via `torch.serialization.add_safe_globals`. We recommend you start setting `weights_only=True` for any use case where you don't have full control of the loaded file. Please open an issue on GitHub for any issues related to this experimental feature.
  self.load_state_dict(torch.load(model_path, map_location='cpu'), strict=False)
[in-mem-eval] ⚠ summary 表头不匹配(0 vs 22 列) -> 旧文件备份为 eval_stdskel_summary.csv.bak_oldcols, 重开新表
[in-mem-eval] callig_id_map loaded: assets/callig_id_map_50k.json
[in-mem-eval] callig_script_map loaded: assets/callig_script_id_map.json (87 pairs)
[in-mem-eval] LPIPS(vgg) loaded on CPU
[in-mem-eval] step=5000 set=seen n=20 ssim=0.5300 (med=0.5386) mse=1.05677 lpips=0.3990 ink_ssim=0.3714 frag=2.187 hole=0.054/0.059 | nn=0.5746 tgt_spec=+0.0101 cal_enrich=1.67x sample=5s total=14s
[poster] 同字最近邻 20 列, 16 线程, 0.8s
[poster] 同字最像 SSIM 已落盘: assets/results/v21_skelnet_200k/posters/seen_train_samechar_nn.csv
[in-mem-eval] poster updated: assets/results/v21_skelnet_200k/posters/seen_poster.png
[in-mem-eval] step=5000 set=strict n=249 ssim=0.5258 (med=0.5251) mse=1.05378 lpips=0.4038 ink_ssim=0.3660 frag=1.571 hole=0.049/0.056 | nn=0.5757 tgt_spec=+0.0074 cal_enrich=0.76x sample=34s total=93s
[poster] 同字最近邻 249 列, 16 线程, 11.7s
[[34m2026-09-26 01:23:59[0m] [in-mem-eval] step 5000 done in 178s: seen ssim=0.5300 ink=0.3714 frag=2.187 hole=0.054 | strict ssim=0.5258 ink=0.3660 frag=1.571 hole=0.049
[[34m2026-09-26 01:23:59[0m] Begin epoch 1 (steps 5001-10000) — ckpt+eval 落点...
[[34m2026-09-26 01:24:12[0m] (step=0005050) Diff: 0.3380 | REPA(w=0.03): 0.0045 | Deform(w=1.00): 0.3013 off=0.3923 | LR: 5.00e-04 | EMA: 0.998221 | Steps/Sec: 0.26 | Mem: 18.55G/18.55G
[[34m2026-09-26 01:24:25[0m] (step=0005100) Diff: 0.3384 | REPA(w=0.03): 0.0045 | Deform(w=1.00): 0.3013 off=0.3936 | LR: 5.00e-04 | EMA: 0.998237 | Steps/Sec: 4.04 | Mem: 18.59G/18.59G
[[34m2026-09-26 01:24:37[0m] (step=0005150) Diff: 0.3398 | REPA(w=0.03): 0.0045 | Deform(w=1.00): 0.3007 off=0.3937 | LR: 5.00e-04 | EMA: 0.998255 | Steps/Sec: 4.06 | Mem: 18.59G/18.59G
[[34m2026-09-26 01:24:49[0m] (step=0005200) Diff: 0.3382 | REPA(w=0.03): 0.0045 | Deform(w=1.00): 0.3008 off=0.3924 | LR: 5.00e-04 | EMA: 0.998271 | Steps/Sec: 4.08 | Mem: 18.59G/18.59G
[[34m2026-09-26 01:25:02[0m] (step=0005250) Diff: 0.3380 | REPA(w=0.03): 0.0045 | Deform(w=1.00): 0.3012 off=0.3940 | LR: 5.00e-04 | EMA: 0.998288 | Steps/Sec: 4.07 | Mem: 18.61G/18.61G
[[34m2026-09-26 01:25:14[0m] (step=0005300) Diff: 0.3386 | REPA(w=0.03): 0.0044 | Deform(w=1.00): 0.3007 off=0.3903 | LR: 5.00e-04 | EMA: 0.998304 | Steps/Sec: 4.06 | Mem: 18.61G/18.61G
[[34m2026-09-26 01:25:26[0m] (step=0005350) Diff: 0.3374 | REPA(w=0.03): 0.0044 | Deform(w=1.00): 0.3010 off=0.3940 | LR: 5.00e-04 | EMA: 0.998320 | Steps/Sec: 4.08 | Mem: 18.61G/18.61G
[[34m2026-09-26 01:25:38[0m] (step=0005400) Diff: 0.3372 | REPA(w=0.03): 0.0044 | Deform(w=1.00): 0.3005 off=0.3914 | LR: 5.00e-04 | EMA: 0.998335 | Steps/Sec: 4.08 | Mem: 18.63G/18.63G
[[34m2026-09-26 01:25:51[0m] (step=0005450) Diff: 0.3367 | REPA(w=0.03): 0.0044 | Deform(w=1.00): 0.3000 off=0.3939 | LR: 5.00e-04 | EMA: 0.998351 | Steps/Sec: 4.09 | Mem: 18.63G/18.63G
[[34m2026-09-26 01:26:03[0m] (step=0005500) Diff: 0.3359 | REPA(w=0.03): 0.0044 | Deform(w=1.00): 0.2993 off=0.3938 | LR: 5.00e-04 | EMA: 0.998365 | Steps/Sec: 4.05 | Mem: 18.63G/18.63G
[[34m2026-09-26 01:26:15[0m] (step=0005550) Diff: 0.3372 | REPA(w=0.03): 0.0044 | Deform(w=1.00): 0.3005 off=0.3949 | LR: 5.00e-04 | EMA: 0.998381 | Steps/Sec: 4.02 | Mem: 18.63G/18.63G
[[34m2026-09-26 01:26:29[0m] (step=0005600) Diff: 0.3371 | REPA(w=0.03): 0.0044 | Deform(w=1.00): 0.3003 off=0.3957 | LR: 5.00e-04 | EMA: 0.998395 | Steps/Sec: 3.78 | Mem: 18.63G/18.63G
[[34m2026-09-26 01:26:41[0m] (step=0005650) Diff: 0.3346 | REPA(w=0.03): 0.0044 | Deform(w=1.00): 0.2998 off=0.3953 | LR: 5.00e-04 | EMA: 0.998409 | Steps/Sec: 4.09 | Mem: 18.63G/18.63G
[[34m2026-09-26 01:26:53[0m] (step=0005700) Diff: 0.3355 | REPA(w=0.03): 0.0044 | Deform(w=1.00): 0.3013 off=0.3957 | LR: 5.00e-04 | EMA: 0.998423 | Steps/Sec: 4.09 | Mem: 18.63G/18.63G
[[34m2026-09-26 01:27:05[0m] (step=0005750) Diff: 0.3352 | REPA(w=0.03): 0.0044 | Deform(w=1.00): 0.2992 off=0.3952 | LR: 5.00e-04 | EMA: 0.998437 | Steps/Sec: 4.08 | Mem: 18.63G/18.63G
[[34m2026-09-26 01:27:18[0m] (step=0005800) Diff: 0.3368 | REPA(w=0.03): 0.0044 | Deform(w=1.00): 0.3018 off=0.3959 | LR: 5.00e-04 | EMA: 0.998450 | Steps/Sec: 4.03 | Mem: 18.63G/18.63G
[[34m2026-09-26 01:27:30[0m] (step=0005850) Diff: 0.3343 | REPA(w=0.03): 0.0044 | Deform(w=1.00): 0.2993 off=0.3952 | LR: 5.00e-04 | EMA: 0.998464 | Steps/Sec: 4.02 | Mem: 18.63G/18.63G
[[34m2026-09-26 01:27:43[0m] (step=0005900) Diff: 0.3350 | REPA(w=0.03): 0.0043 | Deform(w=1.00): 0.2997 off=0.3953 | LR: 5.00e-04 | EMA: 0.998476 | Steps/Sec: 4.04 | Mem: 18.63G/18.63G
[[34m2026-09-26 01:27:55[0m] (step=0005950) Diff: 0.3328 | REPA(w=0.03): 0.0043 | Deform(w=1.00): 0.3011 off=0.3954 | LR: 5.00e-04 | EMA: 0.998489 | Steps/Sec: 4.04 | Mem: 18.63G/18.63G
[[34m2026-09-26 01:28:07[0m] (step=0006000) Diff: 0.3346 | REPA(w=0.03): 0.0043 | Deform(w=1.00): 0.2987 off=0.3964 | LR: 5.00e-04 | EMA: 0.998501 | Steps/Sec: 4.03 | Mem: 18.63G/18.63G
[[34m2026-09-26 01:28:07[0m] (step=0006000) [diag] grad-norm: blocks=0.065 glyph_embedder=0.030 inj_out_proj=0.023 other=0.641
[[34m2026-09-26 01:28:20[0m] (step=0006050) Diff: 0.3333 | REPA(w=0.03): 0.0043 | Deform(w=1.00): 0.2991 off=0.3971 | LR: 5.00e-04 | EMA: 0.998514 | Steps/Sec: 4.02 | Mem: 18.63G/18.63G
[[34m2026-09-26 01:28:32[0m] (step=0006100) Diff: 0.3329 | REPA(w=0.03): 0.0043 | Deform(w=1.00): 0.2999 off=0.3972 | LR: 5.00e-04 | EMA: 0.998526 | Steps/Sec: 4.03 | Mem: 18.63G/18.63G
[[34m2026-09-26 01:28:45[0m] (step=0006150) Diff: 0.3324 | REPA(w=0.03): 0.0043 | Deform(w=1.00): 0.3004 off=0.3984 | LR: 5.00e-04 | EMA: 0.998538 | Steps/Sec: 4.07 | Mem: 18.63G/18.63G
[[34m2026-09-26 01:28:57[0m] (step=0006200) Diff: 0.3340 | REPA(w=0.03): 0.0043 | Deform(w=1.00): 0.3005 off=0.3982 | LR: 5.00e-04 | EMA: 0.998550 | Steps/Sec: 4.09 | Mem: 18.63G/18.63G
[[34m2026-09-26 01:29:09[0m] (step=0006250) Diff: 0.3327 | REPA(w=0.03): 0.0043 | Deform(w=1.00): 0.2992 off=0.3978 | LR: 5.00e-04 | EMA: 0.998562 | Steps/Sec: 4.06 | Mem: 18.63G/18.63G
[[34m2026-09-26 01:29:22[0m] (step=0006300) Diff: 0.3315 | REPA(w=0.03): 0.0042 | Deform(w=1.00): 0.3002 off=0.3977 | LR: 5.00e-04 | EMA: 0.998573 | Steps/Sec: 4.04 | Mem: 18.63G/18.63G
[[34m2026-09-26 01:29:34[0m] (step=0006350) Diff: 0.3321 | REPA(w=0.03): 0.0043 | Deform(w=1.00): 0.2997 off=0.3981 | LR: 5.00e-04 | EMA: 0.998584 | Steps/Sec: 4.04 | Mem: 18.63G/18.63G
[[34m2026-09-26 01:29:46[0m] (step=0006400) Diff: 0.3319 | REPA(w=0.03): 0.0042 | Deform(w=1.00): 0.2997 off=0.3968 | LR: 5.00e-04 | EMA: 0.998595 | Steps/Sec: 4.06 | Mem: 18.63G/18.63G
[[34m2026-09-26 01:29:59[0m] (step=0006450) Diff: 0.3304 | REPA(w=0.03): 0.0042 | Deform(w=1.00): 0.2993 off=0.3976 | LR: 5.00e-04 | EMA: 0.998606 | Steps/Sec: 4.05 | Mem: 18.63G/18.63G
[[34m2026-09-26 01:30:11[0m] (step=0006500) Diff: 0.3303 | REPA(w=0.03): 0.0042 | Deform(w=1.00): 0.2987 off=0.3978 | LR: 5.00e-04 | EMA: 0.998617 | Steps/Sec: 4.00 | Mem: 18.63G/18.63G
[[34m2026-09-26 01:30:23[0m] (step=0006550) Diff: 0.3327 | REPA(w=0.03): 0.0042 | Deform(w=1.00): 0.3005 off=0.3983 | LR: 5.00e-04 | EMA: 0.998628 | Steps/Sec: 4.04 | Mem: 18.63G/18.63G
[[34m2026-09-26 01:30:36[0m] (step=0006600) Diff: 0.3303 | REPA(w=0.03): 0.0042 | Deform(w=1.00): 0.2982 off=0.3983 | LR: 5.00e-04 | EMA: 0.998638 | Steps/Sec: 4.03 | Mem: 18.63G/18.63G
[[34m2026-09-26 01:30:48[0m] (step=0006650) Diff: 0.3303 | REPA(w=0.03): 0.0042 | Deform(w=1.00): 0.2989 off=0.3977 | LR: 5.00e-04 | EMA: 0.998648 | Steps/Sec: 3.98 | Mem: 18.63G/18.63G
[[34m2026-09-26 01:31:01[0m] (step=0006700) Diff: 0.3285 | REPA(w=0.03): 0.0042 | Deform(w=1.00): 0.2995 off=0.3985 | LR: 5.00e-04 | EMA: 0.998658 | Steps/Sec: 4.00 | Mem: 18.63G/18.63G
[[34m2026-09-26 01:31:13[0m] (step=0006750) Diff: 0.3301 | REPA(w=0.03): 0.0042 | Deform(w=1.00): 0.2985 off=0.3998 | LR: 5.00e-04 | EMA: 0.998668 | Steps/Sec: 3.99 | Mem: 18.63G/18.63G
[[34m2026-09-26 01:31:26[0m] (step=0006800) Diff: 0.3298 | REPA(w=0.03): 0.0042 | Deform(w=1.00): 0.2987 off=0.4005 | LR: 5.00e-04 | EMA: 0.998678 | Steps/Sec: 4.00 | Mem: 18.63G/18.63G
[[34m2026-09-26 01:31:38[0m] (step=0006850) Diff: 0.3291 | REPA(w=0.03): 0.0042 | Deform(w=1.00): 0.2980 off=0.4008 | LR: 5.00e-04 | EMA: 0.998688 | Steps/Sec: 4.00 | Mem: 18.63G/18.63G
[[34m2026-09-26 01:31:51[0m] (step=0006900) Diff: 0.3281 | REPA(w=0.03): 0.0042 | Deform(w=1.00): 0.2987 off=0.3987 | LR: 5.00e-04 | EMA: 0.998697 | Steps/Sec: 4.01 | Mem: 18.63G/18.63G
[[34m2026-09-26 01:32:03[0m] (step=0006950) Diff: 0.3292 | REPA(w=0.03): 0.0042 | Deform(w=1.00): 0.2987 off=0.4008 | LR: 5.00e-04 | EMA: 0.998707 | Steps/Sec: 4.01 | Mem: 18.63G/18.63G
[[34m2026-09-26 01:32:16[0m] (step=0007000) Diff: 0.3275 | REPA(w=0.03): 0.0041 | Deform(w=1.00): 0.2987 off=0.4021 | LR: 5.00e-04 | EMA: 0.998715 | Steps/Sec: 4.01 | Mem: 18.63G/18.63G
[[34m2026-09-26 01:32:16[0m] (step=0007000) [diag] grad-norm: blocks=0.054 glyph_embedder=0.029 inj_out_proj=0.017 other=0.529
[[34m2026-09-26 01:32:28[0m] (step=0007050) Diff: 0.3291 | REPA(w=0.03): 0.0041 | Deform(w=1.00): 0.2978 off=0.4016 | LR: 5.00e-04 | EMA: 0.998725 | Steps/Sec: 3.99 | Mem: 18.63G/18.63G
[[34m2026-09-26 01:32:41[0m] (step=0007100) Diff: 0.3281 | REPA(w=0.03): 0.0041 | Deform(w=1.00): 0.2970 off=0.4012 | LR: 5.00e-04 | EMA: 0.998733 | Steps/Sec: 4.02 | Mem: 18.63G/18.63G
[[34m2026-09-26 01:32:53[0m] (step=0007150) Diff: 0.3286 | REPA(w=0.03): 0.0041 | Deform(w=1.00): 0.2978 off=0.4017 | LR: 5.00e-04 | EMA: 0.998743 | Steps/Sec: 4.03 | Mem: 18.63G/18.63G
[[34m2026-09-26 01:33:06[0m] (step=0007200) Diff: 0.3275 | REPA(w=0.03): 0.0041 | Deform(w=1.00): 0.2981 off=0.4015 | LR: 4.99e-04 | EMA: 0.998751 | Steps/Sec: 4.03 | Mem: 18.63G/18.63G
[[34m2026-09-26 01:33:18[0m] (step=0007250) Diff: 0.3280 | REPA(w=0.03): 0.0041 | Deform(w=1.00): 0.2976 off=0.4042 | LR: 4.99e-04 | EMA: 0.998760 | Steps/Sec: 4.03 | Mem: 18.63G/18.63G
[[34m2026-09-26 01:33:30[0m] (step=0007300) Diff: 0.3294 | REPA(w=0.03): 0.0041 | Deform(w=1.00): 0.2989 off=0.4032 | LR: 4.99e-04 | EMA: 0.998768 | Steps/Sec: 4.05 | Mem: 18.63G/18.63G
[[34m2026-09-26 01:33:43[0m] (step=0007350) Diff: 0.3279 | REPA(w=0.03): 0.0041 | Deform(w=1.00): 0.2979 off=0.4039 | LR: 4.99e-04 | EMA: 0.998777 | Steps/Sec: 4.05 | Mem: 18.63G/18.63G
[[34m2026-09-26 01:33:55[0m] (step=0007400) Diff: 0.3267 | REPA(w=0.03): 0.0041 | Deform(w=1.00): 0.2974 off=0.4047 | LR: 4.99e-04 | EMA: 0.998785 | Steps/Sec: 4.05 | Mem: 18.63G/18.63G
[[34m2026-09-26 01:34:07[0m] (step=0007450) Diff: 0.3273 | REPA(w=0.03): 0.0041 | Deform(w=1.00): 0.2963 off=0.4054 | LR: 4.99e-04 | EMA: 0.998793 | Steps/Sec: 4.05 | Mem: 18.63G/18.63G
[[34m2026-09-26 01:34:20[0m] (step=0007500) Diff: 0.3282 | REPA(w=0.03): 0.0041 | Deform(w=1.00): 0.2980 off=0.4075 | LR: 4.99e-04 | EMA: 0.998801 | Steps/Sec: 4.06 | Mem: 18.63G/18.63G
[[34m2026-09-26 01:34:32[0m] (step=0007550) Diff: 0.3288 | REPA(w=0.03): 0.0041 | Deform(w=1.00): 0.2974 off=0.4069 | LR: 4.99e-04 | EMA: 0.998809 | Steps/Sec: 4.04 | Mem: 18.63G/18.63G
[[34m2026-09-26 01:34:44[0m] (step=0007600) Diff: 0.3268 | REPA(w=0.03): 0.0041 | Deform(w=1.00): 0.2963 off=0.4100 | LR: 4.99e-04 | EMA: 0.998817 | Steps/Sec: 4.03 | Mem: 18.63G/18.63G
[[34m2026-09-26 01:34:57[0m] (step=0007650) Diff: 0.3262 | REPA(w=0.03): 0.0040 | Deform(w=1.00): 0.2963 off=0.4066 | LR: 4.99e-04 | EMA: 0.998825 | Steps/Sec: 4.03 | Mem: 18.63G/18.63G
[[34m2026-09-26 01:35:09[0m] (step=0007700) Diff: 0.3262 | REPA(w=0.03): 0.0041 | Deform(w=1.00): 0.2978 off=0.4078 | LR: 4.99e-04 | EMA: 0.998832 | Steps/Sec: 4.03 | Mem: 18.63G/18.63G
[[34m2026-09-26 01:35:22[0m] (step=0007750) Diff: 0.3258 | REPA(w=0.03): 0.0040 | Deform(w=1.00): 0.2971 off=0.4098 | LR: 4.99e-04 | EMA: 0.998840 | Steps/Sec: 4.04 | Mem: 18.63G/18.63G
[[34m2026-09-26 01:35:34[0m] (step=0007800) Diff: 0.3251 | REPA(w=0.03): 0.0040 | Deform(w=1.00): 0.2963 off=0.4079 | LR: 4.99e-04 | EMA: 0.998847 | Steps/Sec: 4.06 | Mem: 18.63G/18.63G
[[34m2026-09-26 01:35:46[0m] (step=0007850) Diff: 0.3262 | REPA(w=0.03): 0.0040 | Deform(w=1.00): 0.2976 off=0.4083 | LR: 4.99e-04 | EMA: 0.998855 | Steps/Sec: 4.04 | Mem: 18.63G/18.63G
[[34m2026-09-26 01:35:59[0m] (step=0007900) Diff: 0.3254 | REPA(w=0.03): 0.0040 | Deform(w=1.00): 0.2958 off=0.4086 | LR: 4.99e-04 | EMA: 0.998862 | Steps/Sec: 4.03 | Mem: 18.63G/18.63G
[[34m2026-09-26 01:36:11[0m] (step=0007950) Diff: 0.3230 | REPA(w=0.03): 0.0040 | Deform(w=1.00): 0.2952 off=0.4102 | LR: 4.99e-04 | EMA: 0.998869 | Steps/Sec: 4.05 | Mem: 18.63G/18.63G
[[34m2026-09-26 01:36:23[0m] (step=0008000) Diff: 0.3266 | REPA(w=0.03): 0.0040 | Deform(w=1.00): 0.2975 off=0.4110 | LR: 4.99e-04 | EMA: 0.998876 | Steps/Sec: 4.06 | Mem: 18.63G/18.63G
[[34m2026-09-26 01:36:23[0m] (step=0008000) [diag] grad-norm: blocks=0.052 glyph_embedder=0.016 inj_out_proj=0.019 other=0.390
[[34m2026-09-26 01:36:36[0m] (step=0008050) Diff: 0.3251 | REPA(w=0.03): 0.0040 | Deform(w=1.00): 0.2969 off=0.4121 | LR: 4.99e-04 | EMA: 0.998883 | Steps/Sec: 4.01 | Mem: 18.63G/18.63G
[[34m2026-09-26 01:36:48[0m] (step=0008100) Diff: 0.3237 | REPA(w=0.03): 0.0040 | Deform(w=1.00): 0.2970 off=0.4134 | LR: 4.99e-04 | EMA: 0.998890 | Steps/Sec: 3.99 | Mem: 18.63G/18.63G
[[34m2026-09-26 01:37:01[0m] (step=0008150) Diff: 0.3223 | REPA(w=0.03): 0.0040 | Deform(w=1.00): 0.2967 off=0.4112 | LR: 4.99e-04 | EMA: 0.998897 | Steps/Sec: 4.00 | Mem: 18.63G/18.63G
[[34m2026-09-26 01:37:13[0m] (step=0008200) Diff: 0.3225 | REPA(w=0.03): 0.0039 | Deform(w=1.00): 0.2943 off=0.4123 | LR: 4.99e-04 | EMA: 0.998903 | Steps/Sec: 4.00 | Mem: 18.63G/18.63G
[[34m2026-09-26 01:37:26[0m] (step=0008250) Diff: 0.3250 | REPA(w=0.03): 0.0040 | Deform(w=1.00): 0.2959 off=0.4135 | LR: 4.99e-04 | EMA: 0.998910 | Steps/Sec: 4.01 | Mem: 18.63G/18.63G
[[34m2026-09-26 01:37:38[0m] (step=0008300) Diff: 0.3224 | REPA(w=0.03): 0.0039 | Deform(w=1.00): 0.2962 off=0.4126 | LR: 4.99e-04 | EMA: 0.998916 | Steps/Sec: 4.04 | Mem: 18.63G/18.63G
[[34m2026-09-26 01:37:51[0m] (step=0008350) Diff: 0.3226 | REPA(w=0.03): 0.0039 | Deform(w=1.00): 0.2960 off=0.4129 | LR: 4.99e-04 | EMA: 0.998923 | Steps/Sec: 4.06 | Mem: 18.63G/18.63G
[[34m2026-09-26 01:38:03[0m] (step=0008400) Diff: 0.3229 | REPA(w=0.03): 0.0039 | Deform(w=1.00): 0.2961 off=0.4137 | LR: 4.99e-04 | EMA: 0.998929 | Steps/Sec: 4.06 | Mem: 18.63G/18.63G
[[34m2026-09-26 01:38:15[0m] (step=0008450) Diff: 0.3233 | REPA(w=0.03): 0.0039 | Deform(w=1.00): 0.2957 off=0.4149 | LR: 4.99e-04 | EMA: 0.998936 | Steps/Sec: 4.06 | Mem: 18.63G/18.63G
[[34m2026-09-26 01:38:28[0m] (step=0008500) Diff: 0.3230 | REPA(w=0.03): 0.0039 | Deform(w=1.00): 0.2943 off=0.4163 | LR: 4.99e-04 | EMA: 0.998942 | Steps/Sec: 4.07 | Mem: 18.63G/18.63G
[[34m2026-09-26 01:38:40[0m] (step=0008550) Diff: 0.3211 | REPA(w=0.03): 0.0039 | Deform(w=1.00): 0.2961 off=0.4130 | LR: 4.99e-04 | EMA: 0.998948 | Steps/Sec: 4.05 | Mem: 18.63G/18.63G
[[34m2026-09-26 01:38:52[0m] (step=0008600) Diff: 0.3214 | REPA(w=0.03): 0.0039 | Deform(w=1.00): 0.2961 off=0.4167 | LR: 4.99e-04 | EMA: 0.998954 | Steps/Sec: 4.04 | Mem: 18.63G/18.63G
[[34m2026-09-26 01:39:05[0m] (step=0008650) Diff: 0.3213 | REPA(w=0.03): 0.0039 | Deform(w=1.00): 0.2965 off=0.4155 | LR: 4.99e-04 | EMA: 0.998960 | Steps/Sec: 4.04 | Mem: 18.63G/18.63G
[[34m2026-09-26 01:39:17[0m] (step=0008700) Diff: 0.3229 | REPA(w=0.03): 0.0039 | Deform(w=1.00): 0.2970 off=0.4157 | LR: 4.99e-04 | EMA: 0.998966 | Steps/Sec: 4.04 | Mem: 18.63G/18.63G
[[34m2026-09-26 01:39:29[0m] (step=0008750) Diff: 0.3233 | REPA(w=0.03): 0.0039 | Deform(w=1.00): 0.2967 off=0.4160 | LR: 4.99e-04 | EMA: 0.998972 | Steps/Sec: 4.04 | Mem: 18.63G/18.63G
[[34m2026-09-26 01:39:42[0m] (step=0008800) Diff: 0.3228 | REPA(w=0.03): 0.0039 | Deform(w=1.00): 0.2955 off=0.4148 | LR: 4.99e-04 | EMA: 0.998978 | Steps/Sec: 4.04 | Mem: 18.65G/18.65G
[[34m2026-09-26 01:39:54[0m] (step=0008850) Diff: 0.3207 | REPA(w=0.03): 0.0039 | Deform(w=1.00): 0.2956 off=0.4163 | LR: 4.99e-04 | EMA: 0.998984 | Steps/Sec: 4.06 | Mem: 18.65G/18.65G
[[34m2026-09-26 01:40:06[0m] (step=0008900) Diff: 0.3214 | REPA(w=0.03): 0.0039 | Deform(w=1.00): 0.2962 off=0.4165 | LR: 4.99e-04 | EMA: 0.998989 | Steps/Sec: 4.08 | Mem: 18.65G/18.65G
[[34m2026-09-26 01:40:19[0m] (step=0008950) Diff: 0.3236 | REPA(w=0.03): 0.0039 | Deform(w=1.00): 0.2956 off=0.4161 | LR: 4.99e-04 | EMA: 0.998995 | Steps/Sec: 4.06 | Mem: 18.65G/18.65G
[[34m2026-09-26 01:40:31[0m] (step=0009000) Diff: 0.3210 | REPA(w=0.03): 0.0039 | Deform(w=1.00): 0.2962 off=0.4174 | LR: 4.99e-04 | EMA: 0.999001 | Steps/Sec: 4.05 | Mem: 18.65G/18.65G
[[34m2026-09-26 01:40:31[0m] (step=0009000) [diag] grad-norm: blocks=0.052 glyph_embedder=0.015 inj_out_proj=0.025 other=0.585
[[34m2026-09-26 01:40:43[0m] (step=0009050) Diff: 0.3217 | REPA(w=0.03): 0.0038 | Deform(w=1.00): 0.2968 off=0.4184 | LR: 4.99e-04 | EMA: 0.999006 | Steps/Sec: 4.05 | Mem: 18.65G/18.65G
[[34m2026-09-26 01:40:56[0m] (step=0009100) Diff: 0.3212 | REPA(w=0.03): 0.0039 | Deform(w=1.00): 0.2954 off=0.4166 | LR: 4.99e-04 | EMA: 0.999012 | Steps/Sec: 4.07 | Mem: 18.65G/18.65G
[[34m2026-09-26 01:41:08[0m] (step=0009150) Diff: 0.3195 | REPA(w=0.03): 0.0038 | Deform(w=1.00): 0.2946 off=0.4177 | LR: 4.99e-04 | EMA: 0.999017 | Steps/Sec: 4.07 | Mem: 18.65G/18.65G
[[34m2026-09-26 01:41:20[0m] (step=0009200) Diff: 0.3214 | REPA(w=0.03): 0.0038 | Deform(w=1.00): 0.2958 off=0.4180 | LR: 4.99e-04 | EMA: 0.999022 | Steps/Sec: 4.07 | Mem: 18.65G/18.65G
[[34m2026-09-26 01:41:32[0m] (step=0009250) Diff: 0.3186 | REPA(w=0.03): 0.0038 | Deform(w=1.00): 0.2950 off=0.4202 | LR: 4.99e-04 | EMA: 0.999028 | Steps/Sec: 4.07 | Mem: 18.65G/18.65G
[[34m2026-09-26 01:41:45[0m] (step=0009300) Diff: 0.3215 | REPA(w=0.03): 0.0038 | Deform(w=1.00): 0.2952 off=0.4168 | LR: 4.99e-04 | EMA: 0.999033 | Steps/Sec: 4.07 | Mem: 18.65G/18.65G
[[34m2026-09-26 01:41:58[0m] (step=0009350) Diff: 0.3196 | REPA(w=0.03): 0.0038 | Deform(w=1.00): 0.2974 off=0.4178 | LR: 4.99e-04 | EMA: 0.999038 | Steps/Sec: 3.80 | Mem: 18.65G/18.65G
[[34m2026-09-26 01:42:10[0m] (step=0009400) Diff: 0.3186 | REPA(w=0.03): 0.0038 | Deform(w=1.00): 0.2948 off=0.4190 | LR: 4.99e-04 | EMA: 0.999043 | Steps/Sec: 4.07 | Mem: 18.65G/18.65G
[[34m2026-09-26 01:42:22[0m] (step=0009450) Diff: 0.3205 | REPA(w=0.03): 0.0038 | Deform(w=1.00): 0.2951 off=0.4196 | LR: 4.99e-04 | EMA: 0.999048 | Steps/Sec: 4.08 | Mem: 18.65G/18.65G
[[34m2026-09-26 01:42:35[0m] (step=0009500) Diff: 0.3202 | REPA(w=0.03): 0.0038 | Deform(w=1.00): 0.2954 off=0.4181 | LR: 4.99e-04 | EMA: 0.999053 | Steps/Sec: 4.07 | Mem: 18.65G/18.65G
[[34m2026-09-26 01:42:47[0m] (step=0009550) Diff: 0.3181 | REPA(w=0.03): 0.0038 | Deform(w=1.00): 0.2951 off=0.4202 | LR: 4.99e-04 | EMA: 0.999058 | Steps/Sec: 4.07 | Mem: 18.65G/18.65G
[[34m2026-09-26 01:42:59[0m] (step=0009600) Diff: 0.3189 | REPA(w=0.03): 0.0038 | Deform(w=1.00): 0.2957 off=0.4196 | LR: 4.99e-04 | EMA: 0.999063 | Steps/Sec: 4.07 | Mem: 18.65G/18.65G
[[34m2026-09-26 01:43:12[0m] (step=0009650) Diff: 0.3187 | REPA(w=0.03): 0.0038 | Deform(w=1.00): 0.2949 off=0.4208 | LR: 4.99e-04 | EMA: 0.999068 | Steps/Sec: 4.07 | Mem: 18.65G/18.65G
[[34m2026-09-26 01:43:24[0m] (step=0009700) Diff: 0.3193 | REPA(w=0.03): 0.0038 | Deform(w=1.00): 0.2966 off=0.4193 | LR: 4.99e-04 | EMA: 0.999073 | Steps/Sec: 4.08 | Mem: 18.65G/18.65G
[[34m2026-09-26 01:43:36[0m] (step=0009750) Diff: 0.3180 | REPA(w=0.03): 0.0038 | Deform(w=1.00): 0.2943 off=0.4188 | LR: 4.99e-04 | EMA: 0.999078 | Steps/Sec: 4.03 | Mem: 18.65G/18.65G
[[34m2026-09-26 01:43:49[0m] (step=0009800) Diff: 0.3184 | REPA(w=0.03): 0.0038 | Deform(w=1.00): 0.2936 off=0.4199 | LR: 4.99e-04 | EMA: 0.999082 | Steps/Sec: 4.04 | Mem: 18.65G/18.65G
[[34m2026-09-26 01:44:01[0m] (step=0009850) Diff: 0.3177 | REPA(w=0.03): 0.0037 | Deform(w=1.00): 0.2959 off=0.4190 | LR: 4.99e-04 | EMA: 0.999087 | Steps/Sec: 4.05 | Mem: 18.65G/18.65G
[[34m2026-09-26 01:44:13[0m] (step=0009900) Diff: 0.3186 | REPA(w=0.03): 0.0037 | Deform(w=1.00): 0.2954 off=0.4203 | LR: 4.99e-04 | EMA: 0.999091 | Steps/Sec: 4.05 | Mem: 18.65G/18.65G
[[34m2026-09-26 01:44:26[0m] (step=0009950) Diff: 0.3189 | REPA(w=0.03): 0.0037 | Deform(w=1.00): 0.2956 off=0.4190 | LR: 4.99e-04 | EMA: 0.999096 | Steps/Sec: 3.99 | Mem: 18.65G/18.65G
[[34m2026-09-26 01:44:38[0m] (step=0010000) Diff: 0.3183 | REPA(w=0.03): 0.0037 | Deform(w=1.00): 0.2950 off=0.4208 | LR: 4.99e-04 | EMA: 0.999101 | Steps/Sec: 4.00 | Mem: 18.65G/18.65G
[[34m2026-09-26 01:44:38[0m] (step=0010000) [diag] grad-norm: blocks=0.047 glyph_embedder=0.024 inj_out_proj=0.022 other=0.907
[[34m2026-09-26 01:44:39[0m] [ckpt] built 0010000.pt (state on CPU)
[[34m2026-09-26 01:44:39[0m] [ckpt] queued assets/results/v21_skelnet_200k/20260926-005749-v21-skelnet-200k/checkpoints/0010000.pt (async write, 1 in flight)
[poster] 同字最像 SSIM 已落盘: assets/results/v21_skelnet_200k/posters/strict_train_samechar_nn.csv
[in-mem-eval] poster updated: assets/results/v21_skelnet_200k/posters/strict_poster.png
[in-mem-eval] ⚠ summary 表头不匹配(0 vs 22 列) -> 旧文件备份为 eval_stdskel_summary.csv.bak_oldcols.1790358279, 重开新表
[in-mem-eval] step=10000 set=seen n=20 ssim=0.5408 (med=0.5518) mse=1.01231 lpips=0.3906 ink_ssim=0.3745 frag=2.249 hole=0.054/0.059 | nn=0.5885 tgt_spec=+0.0124 cal_enrich=1.67x sample=5s total=9s
[poster] 同字最近邻 20 列, 16 线程, 0.8s
[poster] 同字最像 SSIM 已落盘: assets/results/v21_skelnet_200k/posters/seen_train_samechar_nn.csv
[in-mem-eval] poster updated: assets/results/v21_skelnet_200k/posters/seen_poster.png
[in-mem-eval] step=10000 set=strict n=249 ssim=0.5299 (med=0.5238) mse=1.03237 lpips=0.3984 ink_ssim=0.3676 frag=1.638 hole=0.055/0.056 | nn=0.5811 tgt_spec=+0.0081 cal_enrich=0.95x sample=33s total=88s
[poster] 同字最近邻 249 列, 16 线程, 11.8s
[[34m2026-09-26 01:46:38[0m] [in-mem-eval] step 10000 done in 119s: seen ssim=0.5408 ink=0.3745 frag=2.249 hole=0.054 | strict ssim=0.5299 ink=0.3676 frag=1.638 hole=0.055
[[34m2026-09-26 01:46:38[0m] Begin epoch 2 (steps 10001-15000) — ckpt+eval 落点...
[[34m2026-09-26 01:46:51[0m] (step=0010050) Diff: 0.3178 | REPA(w=0.03): 0.0037 | Deform(w=1.00): 0.2957 off=0.4213 | LR: 4.99e-04 | EMA: 0.999105 | Steps/Sec: 0.38 | Mem: 18.53G/18.65G
[[34m2026-09-26 01:47:03[0m] (step=0010100) Diff: 0.3176 | REPA(w=0.03): 0.0037 | Deform(w=1.00): 0.2955 off=0.4220 | LR: 4.99e-04 | EMA: 0.999109 | Steps/Sec: 4.04 | Mem: 18.57G/18.65G
[[34m2026-09-26 01:47:16[0m] (step=0010150) Diff: 0.3177 | REPA(w=0.03): 0.0037 | Deform(w=1.00): 0.2946 off=0.4204 | LR: 4.99e-04 | EMA: 0.999114 | Steps/Sec: 4.07 | Mem: 18.57G/18.65G
[[34m2026-09-26 01:47:28[0m] (step=0010200) Diff: 0.3161 | REPA(w=0.03): 0.0037 | Deform(w=1.00): 0.2945 off=0.4226 | LR: 4.99e-04 | EMA: 0.999118 | Steps/Sec: 4.08 | Mem: 18.57G/18.65G
[[34m2026-09-26 01:47:40[0m] (step=0010250) Diff: 0.3182 | REPA(w=0.03): 0.0037 | Deform(w=1.00): 0.2950 off=0.4201 | LR: 4.98e-04 | EMA: 0.999123 | Steps/Sec: 4.08 | Mem: 18.57G/18.65G
[[34m2026-09-26 01:47:52[0m] (step=0010300) Diff: 0.3164 | REPA(w=0.03): 0.0037 | Deform(w=1.00): 0.2947 off=0.4193 | LR: 4.98e-04 | EMA: 0.999127 | Steps/Sec: 4.08 | Mem: 18.57G/18.65G
[[34m2026-09-26 01:48:05[0m] (step=0010350) Diff: 0.3172 | REPA(w=0.03): 0.0037 | Deform(w=1.00): 0.2944 off=0.4225 | LR: 4.98e-04 | EMA: 0.999131 | Steps/Sec: 4.04 | Mem: 18.57G/18.65G
[[34m2026-09-26 01:48:17[0m] (step=0010400) Diff: 0.3175 | REPA(w=0.03): 0.0037 | Deform(w=1.00): 0.2940 off=0.4210 | LR: 4.98e-04 | EMA: 0.999135 | Steps/Sec: 4.03 | Mem: 18.57G/18.65G
[[34m2026-09-26 01:48:30[0m] (step=0010450) Diff: 0.3177 | REPA(w=0.03): 0.0037 | Deform(w=1.00): 0.2969 off=0.4193 | LR: 4.98e-04 | EMA: 0.999139 | Steps/Sec: 4.06 | Mem: 18.57G/18.65G
[[34m2026-09-26 01:48:42[0m] (step=0010500) Diff: 0.3159 | REPA(w=0.03): 0.0037 | Deform(w=1.00): 0.2949 off=0.4211 | LR: 4.98e-04 | EMA: 0.999143 | Steps/Sec: 4.06 | Mem: 18.57G/18.65G
[[34m2026-09-26 01:48:54[0m] (step=0010550) Diff: 0.3165 | REPA(w=0.03): 0.0037 | Deform(w=1.00): 0.2944 off=0.4212 | LR: 4.98e-04 | EMA: 0.999148 | Steps/Sec: 4.06 | Mem: 18.57G/18.65G
[[34m2026-09-26 01:49:07[0m] (step=0010600) Diff: 0.3169 | REPA(w=0.03): 0.0037 | Deform(w=1.00): 0.2936 off=0.4202 | LR: 4.98e-04 | EMA: 0.999151 | Steps/Sec: 4.07 | Mem: 18.57G/18.65G
[[34m2026-09-26 01:49:19[0m] (step=0010650) Diff: 0.3153 | REPA(w=0.03): 0.0036 | Deform(w=1.00): 0.2943 off=0.4217 | LR: 4.98e-04 | EMA: 0.999156 | Steps/Sec: 4.07 | Mem: 18.57G/18.65G
[[34m2026-09-26 01:49:31[0m] (step=0010700) Diff: 0.3155 | REPA(w=0.03): 0.0036 | Deform(w=1.00): 0.2936 off=0.4218 | LR: 4.98e-04 | EMA: 0.999159 | Steps/Sec: 4.07 | Mem: 18.57G/18.65G
[[34m2026-09-26 01:49:43[0m] (step=0010750) Diff: 0.3160 | REPA(w=0.03): 0.0036 | Deform(w=1.00): 0.2960 off=0.4220 | LR: 4.98e-04 | EMA: 0.999163 | Steps/Sec: 4.07 | Mem: 18.57G/18.65G
[[34m2026-09-26 01:49:56[0m] (step=0010800) Diff: 0.3169 | REPA(w=0.03): 0.0036 | Deform(w=1.00): 0.2955 off=0.4198 | LR: 4.98e-04 | EMA: 0.999167 | Steps/Sec: 4.06 | Mem: 18.57G/18.65G
[[34m2026-09-26 01:50:08[0m] (step=0010850) Diff: 0.3165 | REPA(w=0.03): 0.0036 | Deform(w=1.00): 0.2939 off=0.4207 | LR: 4.98e-04 | EMA: 0.999171 | Steps/Sec: 4.07 | Mem: 18.57G/18.65G
[[34m2026-09-26 01:50:20[0m] (step=0010900) Diff: 0.3156 | REPA(w=0.03): 0.0036 | Deform(w=1.00): 0.2947 off=0.4228 | LR: 4.98e-04 | EMA: 0.999175 | Steps/Sec: 4.07 | Mem: 18.57G/18.65G
[[34m2026-09-26 01:50:33[0m] (step=0010950) Diff: 0.3135 | REPA(w=0.03): 0.0036 | Deform(w=1.00): 0.2943 off=0.4216 | LR: 4.98e-04 | EMA: 0.999179 | Steps/Sec: 4.07 | Mem: 18.57G/18.65G
[[34m2026-09-26 01:50:45[0m] (step=0011000) Diff: 0.3164 | REPA(w=0.03): 0.0036 | Deform(w=1.00): 0.2933 off=0.4220 | LR: 4.98e-04 | EMA: 0.999182 | Steps/Sec: 4.07 | Mem: 18.57G/18.65G
[[34m2026-09-26 01:50:45[0m] (step=0011000) [diag] grad-norm: blocks=0.045 glyph_embedder=0.011 inj_out_proj=0.018 other=0.373
[[34m2026-09-26 01:50:57[0m] (step=0011050) Diff: 0.3157 | REPA(w=0.03): 0.0036 | Deform(w=1.00): 0.2949 off=0.4217 | LR: 4.98e-04 | EMA: 0.999186 | Steps/Sec: 4.04 | Mem: 18.57G/18.65G
[[34m2026-09-26 01:51:10[0m] (step=0011100) Diff: 0.3151 | REPA(w=0.03): 0.0036 | Deform(w=1.00): 0.2939 off=0.4209 | LR: 4.98e-04 | EMA: 0.999190 | Steps/Sec: 4.04 | Mem: 18.57G/18.65G
[[34m2026-09-26 01:51:22[0m] (step=0011150) Diff: 0.3141 | REPA(w=0.03): 0.0036 | Deform(w=1.00): 0.2949 off=0.4218 | LR: 4.98e-04 | EMA: 0.999193 | Steps/Sec: 4.04 | Mem: 18.57G/18.65G
[[34m2026-09-26 01:51:34[0m] (step=0011200) Diff: 0.3161 | REPA(w=0.03): 0.0036 | Deform(w=1.00): 0.2959 off=0.4223 | LR: 4.98e-04 | EMA: 0.999197 | Steps/Sec: 4.04 | Mem: 18.57G/18.65G
[[34m2026-09-26 01:51:47[0m] (step=0011250) Diff: 0.3141 | REPA(w=0.03): 0.0036 | Deform(w=1.00): 0.2943 off=0.4233 | LR: 4.98e-04 | EMA: 0.999201 | Steps/Sec: 4.04 | Mem: 18.57G/18.65G
[[34m2026-09-26 01:51:59[0m] (step=0011300) Diff: 0.3138 | REPA(w=0.03): 0.0036 | Deform(w=1.00): 0.2940 off=0.4231 | LR: 4.98e-04 | EMA: 0.999204 | Steps/Sec: 4.04 | Mem: 18.57G/18.65G
[[34m2026-09-26 01:52:11[0m] (step=0011350) Diff: 0.3159 | REPA(w=0.03): 0.0036 | Deform(w=1.00): 0.2947 off=0.4218 | LR: 4.98e-04 | EMA: 0.999208 | Steps/Sec: 4.04 | Mem: 18.57G/18.65G
[[34m2026-09-26 01:52:24[0m] (step=0011400) Diff: 0.3148 | REPA(w=0.03): 0.0036 | Deform(w=1.00): 0.2939 off=0.4223 | LR: 4.98e-04 | EMA: 0.999211 | Steps/Sec: 4.07 | Mem: 18.57G/18.65G
