\BOOKMARK [1][-]{section.1}{\376\377\140\073\117\123\213\276\177\156}{}% 1
\BOOKMARK [1][-]{section.2}{\376\377\143\007\150\007\154\107\140\073}{}% 2
\BOOKMARK [1][-]{section.3}{\376\377\124\004\133\236\232\214\122\006\147\220\116\016\155\167\142\245}{}% 3
\BOOKMARK [2][-]{subsection.3.1}{\376\377\000s\0002\000\137\000f\000r\000o\000m\000s\000c\000r\000a\000t\000c\000h\000\137\0002\000f\000a\000c\000t\000o\000r\377\010\151\167\116\146\127\372\176\277\377\014\000S\000S\000I\000M\000\040\0000\000.\0005\0007\0007\377\011}{section.3}% 4
\BOOKMARK [2][-]{subsection.3.2}{\376\377\000s\0002\000\137\000f\000r\000o\000m\000s\000c\000r\000a\000t\000c\000h\000\137\000g\000l\000y\000p\000h\000m\000i\000d\377\010\151\167\116\146\000\040\000+\000\040\133\127\137\142\116\055\225\364\153\145\166\321\167\143\377\014\000S\000S\000I\000M\000\040\0000\000.\0004\0005\0003\377\011}{section.3}% 5
\BOOKMARK [2][-]{subsection.3.3}{\376\377\000s\0005\000\137\0002\000f\000a\000c\000t\000o\000r\000\137\000t\000o\000p\0003\0000\377\010\0005\000\040\116\146\176\257\116\044\126\340\133\120\116\073\127\372\176\277\377\014\000S\000S\000I\000M\000\040\0000\000.\0005\0002\0000\377\011}{section.3}% 6
\BOOKMARK [2][-]{subsection.3.4}{\376\377\000s\0005\000\137\0002\000f\000a\000c\000t\000o\000r\000\137\000s\000t\000r\000u\000c\000t\000\137\000p\000o\000s\000t\0005\0000\000k\377\010\0005\000\040\116\146\000\040\000+\000\040\120\317\175\040\176\323\147\204\143\137\131\061\377\014\000S\000S\000I\000M\000\040\0000\000.\0005\0000\0008\377\011}{section.3}% 7
\BOOKMARK [2][-]{subsection.3.5}{\376\377\000s\0005\000\137\0002\000f\000a\000c\000t\000o\000r\000\137\000B\000\137\000l\000a\000t\000e\000n\000t\000s\000t\000r\000u\000c\000t\377\010\000B\000\040\000+\000\040\000l\000a\000t\000e\000n\000t\000\040\000c\000a\000n\000n\000y\000\040\176\323\147\204\377\014\000S\000S\000I\000M\000\040\0000\000.\0005\0000\0007\377\011}{section.3}% 8
\BOOKMARK [2][-]{subsection.3.6}{\376\377\000s\0005\000\137\0002\000f\000a\000c\000t\000o\000r\000\137\000B\000\137\000l\000a\000t\000e\000n\000t\000s\000t\000r\000u\000c\000t\000\137\000p\000i\000x\000e\000l\000s\000k\000\137\000o\000p\000t\377\010\000B\000\040\000+\000\040\120\317\175\040\000\040\000s\000k\000e\000l\377\014\000S\000S\000I\000M\000\040\0000\000.\0003\0009\0001\377\011}{section.3}% 9
\BOOKMARK [2][-]{subsection.3.7}{\376\377\000s\0005\000\137\0002\000f\000a\000c\000t\000o\000r\000\137\000B\000\137\000c\000a\000n\000n\000y\0000\0005\000\137\000p\000i\000x\000e\000l\000s\000k\377\010\000B\000\040\000+\000\040\120\317\175\040\000\040\000c\000a\000n\000n\000y\000+\000s\000k\000e\000l\000\040\000b\000f\0001\0006\377\014\000S\000S\000I\000M\000\040\0000\000.\0004\0008\0002\377\011}{section.3}% 10
\BOOKMARK [2][-]{subsection.3.8}{\376\377\000s\0005\000\137\0002\000f\000a\000c\000t\000o\000r\000\137\000B\000\137\000p\000i\000x\000e\000l\000f\000p\0003\0002\377\010\000B\000\040\000+\000\040\120\317\175\040\000\040\000c\000a\000n\000n\000y\000+\000s\000k\000e\000l\000\040\000f\000p\0003\0002\377\014\217\320\210\114\116\055\377\014\000S\000S\000I\000M\000\040\0000\000.\0001\0008\0003\000@\0003\0005\000k\377\011}{section.3}% 11
\BOOKMARK [2][-]{subsection.3.9}{\376\377\000v\0003\000b\000\137\000x\000l\000\137\000g\000l\000y\000p\000h\000c\000o\000n\000d\377\010\000X\000L\000+\000L\000o\000R\000A\000\040\000+\000\040\133\127\137\142\147\141\116\366\377\014\000S\000S\000I\000M\000\040\0000\000.\0004\0008\0009\377\011}{section.3}% 12
\BOOKMARK [2][-]{subsection.3.10}{\376\377\000v\0003\000c\000\137\000x\000l\000\137\000g\000l\000y\000p\000h\000c\000o\000n\000d\000\137\000m\000i\000d\000s\000t\000e\000p\377\010\000X\000L\000+\000L\000o\000R\000A\000\040\000+\000\040\133\127\137\142\000\040\000+\000\040\116\055\225\364\153\145\166\321\167\143\377\014\000e\000v\000a\000l\000\040\147\052\133\214\142\020\377\011}{section.3}% 13
\BOOKMARK [1][-]{section.4}{\376\377\000I\000n\000s\000i\000g\000h\000t\000\040\116\016\176\323\213\272}{}% 14
\BOOKMARK [2][-]{subsection.4.1}{\376\377\000S\000\040\152\041\127\213\117\030\116\216\000\040\000B\000\040\152\041\127\213}{section.4}% 15
\BOOKMARK [2][-]{subsection.4.2}{\376\377\150\007\121\306\133\127\137\142\000/\116\055\225\364\153\145\166\321\167\143\147\052\143\320\123\107\000\040\000S\000S\000I\000M}{section.4}% 16
\BOOKMARK [2][-]{subsection.4.3}{\376\377\176\323\147\204\143\137\131\061\145\071\125\204\211\302\141\037\117\106\116\015\143\320\123\107\000\040\000S\000S\000I\000M}{section.4}% 17
\BOOKMARK [2][-]{subsection.4.4}{\376\377\131\032\116\146\000\040\000v\000s\000\040\123\125\116\146}{section.4}% 18
\BOOKMARK [2][-]{subsection.4.5}{\376\377\000f\000p\0003\0002\000\040\147\064\175\040\211\343\170\001\134\032\147\052\145\066\145\133}{section.4}% 19
\BOOKMARK [2][-]{subsection.4.6}{\376\377\140\073\117\123\136\372\213\256}{section.4}% 20
